// Vitest Snapshot v1, https://vitest.dev/guide/snapshot.html

exports[`schema {"name":"<key>","sourceName":"<source-key>"} with input {"<key>":"<invalid-value>"} 1`] = `"Invalid \\"<key>\\" value. Expected \\"<valid-value>\\", but received \\"<invalid-value>\\"."`;
