// Vitest Snapshot v1, https://vitest.dev/guide/snapshot.html

exports[`schema {"name":"<key>","validate":false} with input {"<key>":"<value>"} 1`] = `[Error: Invalid "<key>" value. Expected anything, but received "<value>".]`;
