// Vitest Snapshot v1, https://vitest.dev/guide/snapshot.html

exports[`schema {"name":"<key>"} with input {"<key>":"invalid"} 1`] = `"Invalid \\"<key>\\" value. Expected true or false, but received \\"invalid\\"."`;
