// Vitest Snapshot v1, https://vitest.dev/guide/snapshot.html

exports[`schema {"name":"<key>"} with input {"<key>":1.5} 1`] = `[Error: Invalid "<key>" value. Expected an integer, but received 1.5.]`;
