// Vitest Snapshot v1, https://vitest.dev/guide/snapshot.html

exports[`schema {"name":"<key>"} with input {"<key>":"string"} 1`] = `"Invalid \\"<key>\\" value. Expected a number, but received \\"string\\"."`;
