// Vitest Snapshot v1, https://vitest.dev/guide/snapshot.html

exports[`schema {"name":"<key>"} with input {"<key>":1} 1`] = `"Invalid \\"<key>\\" value. Expected a string, but received 1."`;
