// Vitest Snapshot v1, https://vitest.dev/guide/snapshot.html

exports[`apiDescriptor 1`] = `"{}"`;

exports[`apiDescriptor 2`] = `""key""`;

exports[`apiDescriptor 3`] = `"{ key: "value" }"`;
